// Jest Snapshot v1, https://goo.gl/fbAQLP

exports[`GroupChat Component ::  should render  1`] = `ReactWrapper {}`;

exports[`Rooms Component ::  should render  1`] = `ReactWrapper {}`;
