// Jest Snapshot v1, https://goo.gl/fbAQLP

exports[`Login Component ::  should render  1`] = `ReactWrapper {}`;
